// Jest Snapshot v1, https://goo.gl/fbAQLP

exports[`renders correctly 1`] = `
<SlideImage
  imageSrc={1}
>
  <Component
    source={1}
    style={
      Object {
        "height": "100%",
        "width": 750,
      }
    }
  >
    <Image
      source={1}
      style={
        Object {
          "height": "100%",
          "width": 750,
        }
      }
    />
  </Component>
</SlideImage>
`;
